0,0 grass:n1
1,0 grass:n1
2,0 [1] grass:n1
3,0 grass:n1
4,0 [1] grass:n1
5,0 grass:n1
6,0 grass:n1
7,0 grass:n1

0,1 grass:n1
1,1 [1] grass:n1
2,1 [1] grass:n1
3,1 [1] grass:n1
4,1 [1] grass:n1
5,1 [1] grass:n1
6,1 [1] grass:n1
7,1 grass:n1

0,2 [1] grass:n1
1,2 [1] grass:n1
2,2 [1] grass:n1
3,2 [1] grass:n1
4,2 [1] grass:n1
5,2 [1] grass:n1
6,2 [1] grass:n1
7,2 [1] grass:n1 grass:tl2:3

0,3 grass:n1
1,3 [1] grass:n1
2,3 [1,3] grass:n1 grass:tlrb:3
3,3 [1,3] grass:n1 wood:hbr1:3
4,3 [1,3] grass:n1 wood:hbr3:3
5,3 [1,3] grass:n1 wood:hbr2:3
6,3 [1,3] grass:n1 wood:hbr3:3
7,3 grass:n1 grass:lb

0,4 grass:n1
1,4 [1,2] grass:n1 grass:t3:2
2,4 [1] grass:n1 earth:tc:2
3,4 [1] grass:n1 wood:cs_supp:2
4,4 [1] grass:n1 wood:post_top:2
5,4 [1] grass:n1 wood:l_supp:2
6,4 [1] grass:n1 wood:r_supp:2
7,4 grass:n1 earth:tl

0,5 grass:n1
1,5 grass:dark earth:mer
2,5 grass:dark earth:br
3,5 [1] grass:n1
4,5 grass:n1 grass:os1 wood:post_base
5,5 [1] grass:n1
6,5 [1] grass:n1 grass:tc:2
7,5 grass:n1 earth:bl

0,6 grass:n1
1,6 [1] grass:ms
2,6 [1] grass:rs
3,6 [1] grass:n1
4,6 [1] grass:os2
5,6 [1] grass:n1
6,6 grass:dark earth:mc
7,6 grass:n1

0,7 grass:n1
1,7 grass:n1
2,7 grass:n1
3,7 grass:n1
4,7 [1] grass:n1
5,7 grass:n1
6,7 grass:mms
7,7 grass:n1

