0,0
1,0
2,0
3,0
4,0
5,0
6,0
7,0
8,0
9,0
10,0
11,0
12,0
13,0
14,0
15,0

0,1
1,1
2,1
3,1
4,1
5,1
6,1
7,1
8,1
9,1
10,1 dungeon:wbrcn
11,1 dungeon:wb6
12,1 dungeon:wb5
13,1 dungeon:wb6
14,1 dungeon:wblcn
15,1

0,2
1,2
2,2
3,2
4,2
5,2
6,2
7,2
8,2 dungeon:wbrcn
9,2 dungeon:wb7
10,2 dungeon:dark dungeon:wbr dungeon:tlb
11,2 dungeon:dark dungeon:mls
12,2 dungeon:dark dungeon:m2
13,2 dungeon:dark dungeon:mrs
14,2 dungeon:dark dungeon:wl3
15,2

0,3
1,3
2,3
3,3
4,3
5,3
6,3
7,3
8,3 dungeon:dark dungeon:wr1 dungeon:lb
9,3 dungeon:dark dungeon:mls
10,3 dungeon:dark dungeon:mr
11,3 [1] dungeon:ms
12,3 [1] dungeon:ms
13,3 [1] dungeon:ms
14,3 dungeon:n1 dungeon:wl2
15,3

0,4
1,4
2,4
3,4
4,4
5,4
6,4
7,4
8,4 dungeon:light dungeon:wr2 dungeon:lb
9,4 [1] dungeon:ms
10,4 [1] dungeon:nrs
11,4 [1] dungeon:n4
12,4 [1] dungeon:n1
13,4 [1] dungeon:n1 dungeon:wlc:2
14,4 dungeon:wtlcn dungeon:wblcn
15,4

0,5
1,5
2,5
3,5
4,5
5,5
6,5
7,5
8,5 dungeon:n1 dungeon:wr1 dungeon:lb
9,5 [1] dungeon:n6 objects:skull_base1 dungeon:n6
10,5 [1] dungeon:n1
11,5 [1] dungeon:n1 objects:skull_top
12,5 [1] dungeon:n5
13,5 dungeon:dark dungeon:mlrs
14,5 dungeon:dark dungeon:wl2
15,5

0,6
1,6
2,6
3,6
4,6
5,6
6,6
7,6
8,6 dungeon:n1 dungeon:wr2 dungeon:lb
9,6 [1] dungeon:n1
10,6 [1] dungeon:n1
11,6 dungeon:n1 dungeon:os1 objects:skull_base1
12,6 [1] dungeon:n1
13,6 [1] dungeon:nls
14,6 dungeon:light dungeon:wl2
15,6

0,7
1,7
2,7
3,7
4,7
5,7
6,7
7,7
8,7 dungeon:wtrcn
9,7 [1] dungeon:n1 dungeon:wtr:2
10,7 [1] dungeon:n1
11,7 [1] dungeon:os2
12,7 [1] dungeon:n5
13,7 [1] dungeon:n1 dungeon:wtl:2
14,7 dungeon:wtlcn
15,7

0,8
1,8 dungeon:wbrcn
2,8 dungeon:wb5
3,8 dungeon:wb4
4,8 dungeon:wblcn
5,8 dungeon:wbrcn
6,8 dungeon:wb7
7,8 dungeon:wb2
8,8 dungeon:wb4
9,8 dungeon:n1 dungeon:wbr dungeon:tlb
10,8 [1] dungeon:n1
11,8 [1] dungeon:n1 dungeon:wtl:2
12,8 [1] dungeon:n1 dungeon:wt2:2
13,8 dungeon:wtlcn
14,8
15,8

0,9
1,9 dungeon:dark dungeon:wr1 dungeon:lb
2,9 dungeon:dark dungeon:mls
3,9 dungeon:dark dungeon:mrs
4,9 dungeon:dark dungeon:wbl dungeon:trb
5,9 dungeon:dark dungeon:wbr dungeon:tlb
6,9 dungeon:dark dungeon:mls
7,9 dungeon:dark dungeon:m1
8,9 dungeon:dark dungeon:m2
9,9 dungeon:dark dungeon:mr
10,9 [1] dungeon:n5
11,9 dungeon:n1 dungeon:wl1
12,9
13,9
14,9
15,9

0,10
1,10 dungeon:n1 dungeon:wr2 dungeon:lb
2,10 [1] dungeon:ms
3,10 [1] dungeon:ms
4,10 dungeon:dark dungeon:ml
5,10 dungeon:dark dungeon:mr
6,10 [1] dungeon:ms
7,10 [1] dungeon:ms
8,10 [1] dungeon:ms
9,10 [1] dungeon:nrs
10,10 [1] dungeon:n1
11,10 dungeon:n1 dungeon:wl3
12,10
13,10
14,10
15,10

0,11
1,11 dungeon:n1 dungeon:wr1 dungeon:lb
2,11 [1] dungeon:n4
3,11 [1] dungeon:n1 objects:skull_top
4,11 [1] dungeon:nls
5,11 [1] dungeon:nrs
6,11 [1] dungeon:n4
7,11 [1] dungeon:n1
8,11 [1] dungeon:n6
9,11 [1] dungeon:n1
10,11 [1] dungeon:n1
11,11 dungeon:n1 dungeon:wl1
12,11
13,11
14,11
15,11

0,12
1,12 dungeon:n1 dungeon:wr2 dungeon:lb
2,12 [1] dungeon:n1
3,12 dungeon:n1 dungeon:os1 objects:skull_base1
4,12 [1] dungeon:n1
5,12 [1] dungeon:n1
6,12 [1] dungeon:n1
7,12 [1] dungeon:n1
8,12 [1] dungeon:n1
9,12 [1] dungeon:n6
10,12 [1] dungeon:n5
11,12 dungeon:n1 dungeon:wl3
12,12
13,12
14,12
15,12

0,13
1,13 dungeon:n1 dungeon:wr3 dungeon:lb
2,13 [1] dungeon:n6
3,13 [1] dungeon:os2
4,13 [1] dungeon:n1
5,13 [1] dungeon:n1
6,13 [1] dungeon:n6
7,13 [1] dungeon:n1 dungeon:wtl:2
8,13 [1] dungeon:n1 dungeon:wt3:2
9,13 [1] dungeon:n1 dungeon:wt3:2
10,13 [1] dungeon:n1 dungeon:wt3:2
11,13 dungeon:wtlcn
12,13
13,13
14,13
15,13

0,14
1,14 dungeon:wtrcn
2,14 [1] dungeon:n1 dungeon:wt4:2
3,14 [1] dungeon:n1 dungeon:wtr:2
4,14 [1] dungeon:n1
5,14 [1] dungeon:n1 dungeon:wtl:2
6,14 [1] dungeon:n1 dungeon:wt3:2
7,14 dungeon:wtlcn
8,14
9,14
10,14
11,14
12,14
13,14
14,14
15,14

0,15
1,15
2,15
3,15 dungeon:n1 dungeon:wr3 dungeon:lb
4,15 [1] dungeon:n1
5,15 dungeon:n1 dungeon:wl2
6,15
7,15
8,15
9,15
10,15
11,15
12,15
13,15
14,15
15,15

