0,0 water:w3
1,0 water:w5
2,0 water:w5 water:w2
3,0 water:w5 water:w2
4,0 water:w5 water:w2
5,0 water:w5
6,0 water:w5 water:w2
7,0 water:w6
8,0 water:w6
9,0 water:w2 water:w2
10,0 water:w1 water:w2
11,0 water:w1
12,0 water:w1
13,0 water:w6 water:w2
14,0 water:w6
15,0 water:w1

0,1 water:w4 water:w2
1,1 water:w6
2,1 water:w5 water:w3
3,1 water:w6
4,1 water:w6
5,1 water:w6
6,1 water:w6
7,1 water:w2
8,1 water:w6
9,1 water:w6 water:w3
10,1 water:w6
11,1 water:w2 water:w3
12,1 water:w6
13,1 water:w6 water:w3
14,1 water:w6
15,1 water:w6

0,2 water:w3
1,2 water:w6
2,2 water:w6
3,2 water:w6
4,2 water:w2
5,2 water:w2
6,2 [1] water:dark grass:tl2
7,2 [1] water:dark grass:t2
8,2 [1] water:dark grass:tr1
9,2 water:w5 water:w3
10,2 water:w5
11,2 water:w5
12,2 water:w5
13,2 water:w1
14,2 water:w6
15,2 water:w1

0,3 [3] water:dark grass:t2
1,3 [3] water:dark grass:tr1
2,3 water:w2
3,3 water:w2
4,3 [1] water:dark grass:tl2
5,3 [1] water:dark grass:t3
6,3 [1] grass:n1
7,3 [1] grass:n1
8,3 [1] grass:n1
9,3 [1] water:dark grass:t3
10,3 [1] water:dark grass:tr1
11,3 water:w5 objects:tree_tl1:V5
12,3 water:w5 objects:tree_tr1:V5
13,3 water:w7
14,3 water:w6
15,3 water:w5

0,4 [3] grass:n6
1,4 [3] grass:n1
2,4 [3] water:dark grass:tr1
3,4 water:w2
4,4 [1] water:dark grass:l2
5,4 [3,1] grass:n1 grass:tl1:3
6,4 [3,1] grass:n1 grass:t3:3
7,4 [3,1] grass:n1 grass:tr1:3
8,4 [1] grass:n1
9,4 [1] grass:n2
10,4 [1,3] grass:n1 grass:tl2:3
11,4 [3] grass:t3 objects:tree_ml1:V4
12,4 [3] grass:t3 objects:tree_mr1:V4
13,4 [3] water:dark grass:tr1
14,4 water:w6
15,4 water:w6

0,5 [3] grass:n1
1,5 [3] grass:n4
2,5 [3] grass:rb
3,5 [3] water:dark wood:hbr1
4,5 [1,3] grass:n1 wood:hbr1:3
5,5 [3] grass:lb
6,5 [3] grass:n1
7,5 [3] grass:rb
8,5 [3,1] grass:n1 wood:hbr1:3
9,5 [3,1] grass:n1 wood:hbr1:3
10,5 [3] grass:lb
11,5 grass:n1 grass:treels1 objects:tree_bl1
12,5 grass:n1 grass:treers1 objects:tree_br1
13,5 [3] grass:n6
14,5 [3] water:dark grass:tr1
15,5 water:w5

0,6 [3] grass:n4
1,6 [3] grass:n1
2,6 [3] grass:r2
3,6 water:w2 wood:lls_supp
4,6 [1] water:dark grass:l1 wood:lrs_supp:V2
5,6 [3] grass:n1 grass:l1
6,6 [3] grass:n6
7,6 [3] grass:n1 grass:r2
8,6 [1] grass:n1 wood:lls_supp:V2
9,6 [1] grass:n1 wood:lrs_supp:V2
10,6 [3] grass:n1 grass:l3
11,6 [3] grass:n1 grass:treels2
12,6 [3] grass:n6 grass:treers2
13,6 [S3] grass:bb
14,6 [3] water:dark grass:r1
15,6 water:w5

0,7 [3] grass:n1
1,7 [3] earth:dark grass:rj
2,7 earth:trls
3,7 water:w2
4,7 [1] water:dark grass:l2
5,7 earth:tl
6,7 earth:t1
7,7 earth:tr
8,7 [1] grass:n1
9,7 [1] grass:n1
10,7 earth:tl
11,7 grass:dark earth:m2
12,7 grass:dark earth:mrs
13,7 [S2.5] earth:dark wood:st1
14,7 grass:dark earth:mrls
15,7 water:w6

0,8 earth:t1
1,8 earth:tr
2,8 earth:rls
3,8 water:w3
4,8 [1] water:dark grass:l1
5,8 grass:dark earth:bl
6,8 grass:dark earth:b1
7,8 earth:r
8,8 water:ts
9,8 [1] water:dark earth:td grass:lj
10,8 grass:dark earth:blrs
11,8 [2] earth:dark grass:lls
12,8 [2] grass:ms
13,8 [S2.5] grass:light wood:st2
14,8 [2] water:dark grass:rrs
15,8 water:w5

0,9 earth:n
1,9 earth:r
2,9 water:rls
3,9 water:w3
4,9 [1] water:dark grass:l3
5,9 [1] grass:bbls
6,9 [1] water:dark earth:td grass:rrs
7,9 water:rls
8,9 water:w5
9,9 [1] water:dark grass:l2
10,9 [1] grass:ls
11,9 [2] grass:n1 grass:l1
12,9 [S2] grass:bb
13,9 [S2] grass:st2
14,9 [2] water:dark grass:r1
15,9 water:w6

0,10 water:n2
1,10 water:r
2,10 water:w3
3,10 water:w3
4,10 water:tlrs
5,10 [1] wood:v_br1
6,10 water:trls
7,10 water:w2
8,10 water:w5
9,10 water:tlrs
10,10 [1] water:dark earth:td grass:lj
11,10 grass:dark earth:ml
12,10 [S1.5] earth:dark wood:st1
13,10 grass:dark earth:mls
14,10 earth:tr
15,10 water:w5

0,11 water:w2
1,11 water:w5
2,11 water:w7
3,11 water:w3
4,11 water:w3
5,11 [1] wood:v_br2
6,11 water:w3
7,11 water:w2
8,11 water:w8
9,11 water:w3
10,11 [1] water:dark grass:l2
11,11 [1] grass:ls
12,11 [S1.5] grass:light wood:st2
13,11 [1] water:dark earth:td grass:rrs
14,11 water:rls
15,11 water:w1

0,12 water:w2
1,12 water:w2
2,12 water:w3
3,12 [1] water:dark grass:tl1
4,12 [1] water:dark grass:t3
5,12 [1] grass:tb
6,12 [1] water:dark grass:tr1
7,12 water:w2
8,12 water:w2
9,12 water:w3
10,12 water:tlrs
11,12 [1] water:dark earth:td grass:lj
12,12 [S1] grass:st2
13,12 [1] water:dark grass:r2
14,12 water:w6
15,12 water:w1

0,13 water:w2
1,13 water:w5
2,13 water:w2
3,13 [1] water:dark grass:l2
4,13 [1] grass:n1
5,13 [1] grass:n1
6,13 [1] water:dark grass:r2
7,13 water:w1
8,13 water:w2
9,13 water:w3
10,13 water:w3
11,13 water:tl
12,13 water:t5
13,13 water:tr
14,13 water:w6
15,13 water:w1

0,14 water:w2
1,14 water:w6
2,14 water:w3
3,14 [1] water:dark grass:l1
4,14 [1] grass:n1
5,14 [1] earth:td grass:rj
6,14 water:trls
7,14 water:w9
8,14 water:w5
9,14 water:w3
10,14 water:w3
11,14 water:w6
12,14 water:w6
13,14 water:w6
14,14 water:w6
15,14 water:w1

0,15 water:w2
1,15 water:w3
2,15 water:w6
3,15 water:tl
4,15 water:t2
5,15 water:tr
6,15 water:w3
7,15 water:w2
8,15 water:w6
9,15 water:w6
10,15 water:w3
11,15 water:w2
12,15 water:w2
13,15 water:w2
14,15 water:w2
15,15 water:w1

sprite baddie 4,4 1

event boundary left 3-7 | boundary start left
