0,0 grass:n1
1,0 grass:n1
2,0 water:dark grass:r1
3,0 water:w3
4,0 water:w3
5,0 water:dark grass:l2
6,0 grass:n1
7,0 grass:n1
8,0 earth:dark grass:rj
9,0 earth:tls
10,0 earth:al
11,0 [1] grass:vdark earth:ac:3
12,0 earth:ar
13,0 earth:trs
14,0 earth:dark grass:lj
15,0 grass:n1

0,1 grass:n3
1,1 grass:n1
2,1 water:dark grass:r2
3,1 water:w3
4,1 water:w6
5,1 water:dark grass:l1
6,1 grass:n1
7,1 earth:dark grass:rj
8,1 earth:trls
9,1 grass:dark earth:bls
10,1 grass:dark earth:br objects:skull_top
11,1 [1] grass:sarch
12,1 grass:dark earth:bl objects:skull_top
13,1 grass:dark earth:brs
14,1 earth:tlrs
15,1 earth:dark grass:lj

0,2 grass:n1
1,2 grass:n6
2,2 grass:rb
3,2 wood:hbr1
4,2 wood:hbr3
5,2 grass:lb
6,2 grass:n1
7,2 earth:dark grass:r2
8,2 grass:dark earth:brls
9,2 [1] grass:ms
10,2 grass:ms grass:os1 objects:skull_base1
11,2 [1] grass:ms
12,2 grass:ms grass:os1 objects:skull_base1
13,2 [1] grass:ms
14,2 grass:dark earth:blrs
15,2 earth:dark grass:l1

0,3 earth:t1
1,3 earth:t3
2,3 earth:tr
3,3 water:w6 wood:lls_supp
4,3 water:w4 wood:lrs_supp
5,3 water:dark grass:l1
6,3 grass:n6
7,3 grass:n1 grass:r2
8,3 [1] grass:rs
9,3 [1] grass:n5
10,3 [1] grass:os2
11,3 [1] grass:n1
12,3 [1] grass:os2
13,3 [1] grass:n4
14,3 [1] grass:ls
15,3 grass:n1 grass:l1

0,4 earth:n
1,4 earth:n
2,4 earth:r
3,4 water:w5
4,4 water:w4
5,4 earth:tl
6,4 earth:t2
7,4 earth:tr
8,4 [1] grass:n2
9,4 [1] grass:n1
10,4 [1] grass:n6
11,4 [1] grass:bb
12,4 [1] grass:n1
13,4 [1] grass:n1
14,4 [1] grass:n4
15,4 earth:tl

0,5 water:n1
1,5 water:n1
2,5 water:r
3,5 water:w3
4,5 water:w5
5,5 earth:l
6,5 earth:n
7,5 earth:r
8,5 water:tls
9,5 water:t2
10,5 water:t2
11,5 [1] wood:v_br1
12,5 water:t5
13,5 water:t2
14,5 water:trs
15,5 earth:l

0,6 water:w4
1,6 water:w1
2,6 water:w9
3,6 water:w2
4,6 water:w2
5,6 water:l
6,6 water:n2
7,6 water:r
8,6 water:w4
9,6 water:w8
10,6 water:w3
11,6 [1] wood:v_br2
12,6 water:w2
13,6 water:w4
14,6 water:w7
15,6 water:l

0,7 water:w3
1,7 water:w3
2,7 water:w4
3,7 water:w2
4,7 water:w3
5,7 water:w4
6,7 water:w3
7,7 water:w4
8,7 water:w3
9,7 water:w1
10,7 water:w4
11,7 [1] wood:v_br1
12,7 water:w2
13,7 water:w4
14,7 water:w5
15,7 water:w2

0,8 water:w3
1,8 water:w1
2,8 water:w1
3,8 [3] water:dark grass:tl1
4,8 [3] water:dark grass:t3
5,8 [3] water:dark grass:t3
6,8 [3] water:dark grass:tr1
7,8 water:w1
8,8 water:w2
9,8 water:w3
10,8 [1] water:dark grass:tl2
11,8 [1] grass:tb
12,8 [1] water:dark grass:tr1
13,8 water:w6
14,8 water:w1
15,8 water:w3

0,9 water:w1
1,9 water:w3
2,9 [2] water:dark grass:tl2
3,9 [3] grass:n1 grass:l2
4,9 [S3] grass:bb
5,9 [3] grass:n6
6,9 [3] grass:rb
7,9 [3] water:dark wood:hbr1
8,9 [3] water:dark wood:hbr2
9,9 [3] water:dark wood:hbr1
10,9 [3,1] grass:n1 wood:hbr3:3
11,9 [3,1] grass:n1 grass:tlb:3
12,9 [S3,1] grass:n1 grass:tbb:3
13,9 [3] water:dark grass:tr1
14,9 water:w6
15,9 water:w3

0,10 water:w3
1,10 [2] water:dark grass:tl1
2,10 [2] grass:n1
3,10 grass:dark earth:mlrs
4,10 [S2.5] earth:dark wood:st1
5,10 grass:dark earth:mls
6,10 earth:tr
7,10 water:w1 wood:cls_supp
8,10 water:w3 wood:post_top
9,10 water:w1 wood:l_supp
10,10 [1] water:dark grass:l2 wood:lrs_supp:2
11,10 grass:dark earth:mlrs
12,10 [S2.5] earth:dark wood:st1
13,10 grass:dark earth:mrls
14,10 [2] water:dark grass:tr2
15,10 water:w2

0,11 water:w2
1,11 [2] water:dark grass:l2
2,11 [2] grass:n2
3,11 [2] grass:ls
4,11 [S2.5] grass:light wood:st2
5,11 [2] earth:dark grass:rrs
6,11 earth:rls
7,11 water:w8
8,11 water:w3 wood:post
9,11 water:w1
10,11 [1] water:dark grass:l2
11,11 [2] grass:n1 grass:lls
12,11 [S2.5] grass:light wood:st2
13,11 [2] grass:rs
14,11 [2] water:dark grass:r1
15,11 water:w1

0,12 water:w1
1,12 [2] water:dark grass:l1
2,12 [2] grass:n1
3,12 [2] grass:n1
4,12 [S2] grass:st2
5,12 [2] earth:dark grass:r3
6,12 water:rls
7,12 water:w4
8,12 water:w_post
9,12 water:w4
10,12 [1] water:dark grass:l1
11,12 [2] grass:n1 grass:l1
12,12 [S2] grass:st2
13,12 [S2] grass:bb
14,12 [2] water:dark grass:r2
15,12 water:w3

0,13 water:w1
1,13 earth:tl
2,13 earth:trs
3,13 [2] earth:dark grass:lj
4,13 [2] grass:n6
5,13 [2] water:dark grass:r1
6,13 water:w4
7,13 water:w3
8,13 water:w1
9,13 water:w9
10,13 [1] water:dark grass:l2
11,13 grass:dark earth:ml
12,13 grass:dark earth:mrs
13,13 [S1.5] earth:dark wood:st1
14,13 earth:trls
15,13 water:w4

0,14 water:w4
1,14 water:l
2,14 water:rs
3,14 earth:tl
4,14 grass:dark earth:m1
5,14 grass:dark earth:mr
6,14 water:dark grass:tr1
7,14 water:w7
8,14 water:w1
9,14 water:w3
10,14 [1] water:dark grass:l1
11,14 [1] grass:ls
12,14 [1] grass:ms
13,14 [S1.5] grass:light earth:rhd water:brw wood:st3
14,14 water:rls
15,14 water:w3

0,15 water:w3
1,15 water:w3
2,15 water:w8
3,15 water:lrs
4,15 earth:dark grass:lls
5,15 grass:rs
6,15 water:dark grass:r2
7,15 water:w4
8,15 water:w3
9,15 water:w4
10,15 water:tlrs
11,15 [1] earth:dark water:blw grass:lj
12,15 [1] grass:n1
13,15 [S1] water:dark grass:rst2
14,15 water:w7
15,15 water:w1

0,16 water:w1
1,16 water:w3
2,16 water:w4
3,16 water:w3
4,16 water:tl
5,16 water:t5
6,16 water:tr
7,16 water:w4
8,16 water:w1
9,16 water:w3
10,16 water:w1
11,16 water:tl
12,16 water:t1
13,16 water:tr
14,16 water:w3
15,16 water:w4

0,17 water:w3
1,17 water:w1
2,17 water:w4
3,17 water:w1
4,17 water:w3
5,17 water:w3
6,17 water:w4
7,17 water:w3
8,17 water:w4
9,17 water:w1
10,17 water:w3
11,17 water:w1
12,17 water:w3
13,17 water:w1
14,17 water:w1
15,17 water:w3

