0,0 water:w2
1,0 water:w2
2,0 water:w2
3,0 water:dark grass:l2
4,0 grass:n1 objects:tree_tl1
5,0 grass:n1 objects:tree_ml1 objects:tree_tr1
6,0 grass:n1 objects:tree_mr1 objects:tree_tl1
7,0 grass:trees2 grass:treerds1 objects:tree_br2 objects:tree_tr1
8,0 grass:trees2 objects:tree_ml1
9,0 grass:n1 objects:tree_mr1 objects:tree_tl2
10,0 grass:n1 objects:tree_ml1 objects:tree_tr2
11,0 grass:trees1 objects:tree_mr1
12,0 grass:light grass:l2
13,0 grass:n1
14,0 grass:n1
15,0 grass:n1
16,0 grass:n1
17,0 grass:n1
18,0 grass:n2
19,0 grass:n1
20,0 grass:n1
21,0 grass:n1
22,0 water:dark grass:r2
23,0 water:w4
24,0 water:w3
25,0 water:w4 water:w6 water:w2
26,0 water:w4 water:w2
27,0 water:w3
28,0 water:w3
29,0 water:w3
30,0 water:w4 water:w2
31,0 water:w3

0,1 water:w2
1,1 water:w2
2,1 water:w2
3,1 water:dark grass:l2
4,1 grass:n1 objects:tree_ml1
5,1 grass:n1 objects:tree_mr1 objects:tree_tl2
6,1 grass:n1 objects:tree_ml1 objects:tree_tr2
7,1 grass:trees2 objects:tree_mr1
8,1 grass:trees2 grass:treelds1 objects:tree_bl2 objects:tree_tl1
9,1 grass:n1 objects:tree_ml2 objects:tree_tr1
10,1 grass:treelds1 objects:tree_bl2 objects:tree_mr1 objects:tree_mr2
11,1 grass:trees1 grass:treerds1 objects:tree_br2
12,1 grass:light grass:l2
13,1 grass:n2
14,1 grass:n1
15,1 grass:n1
16,1 grass:n1
17,1 grass:n1
18,1 grass:n1
19,1 grass:n1:5
20,1 grass:n5
21,1 earth:dark grass:rj
22,1 earth:trls
23,1 water:w4
24,1 water:w3
25,1 water:w3
26,1 water:w3
27,1 water:w4
28,1 water:w3
29,1 water:w3
30,1 water:w3
31,1 water:w4 water:w2

0,2 water:w2
1,2 water:w2
2,2 water:w2
3,2 water:dark grass:l1
4,2 grass:n1 grass:treels1 objects:tree_bl2 objects:tree_tl1
5,2 grass:n1 objects:tree_ml2 objects:tree_tr1
6,2 grass:n1 grass:treels1 objects:tree_bl2 objects:tree_mr2
7,2 grass:trees1 grass:treers1 objects:tree_br2
8,2 grass:n1 grass:treelds2 objects:tree_ml1
9,2 grass:treelds1 objects:tree_bl2 objects:tree_mr1
10,2 grass:treerds1 grass:treelds2 objects:tree_br1 objects:tree_tl1
11,2 grass:trees1 grass:treerds2 objects:tree_tr1
12,2 grass:light grass:l1
13,2 grass:n1
14,2 grass:n1
15,2 grass:n1
16,2 grass:n5
17,2 earth:dark grass:rj
18,2 earth:alls
19,2 [3] grass:vdark earth:ac:V4
20,2 earth:ar
21,2 earth:tr
22,2 grass:dark earth:brls
23,2 [3] water:dark grass:tr1
24,2 water:w3
25,2 water:w3
26,2 water:w4 water:w2
27,2 water:w3
28,2 water:w4
29,2 water:w3
30,2 water:w3
31,2 water:w3

0,3 water:w2
1,3 water:w2
2,3 water:w2
3,3 water:dark grass:l2
4,3 grass:n1 objects:tree_ml1
5,3 grass:n1 grass:treels1 objects:tree_bl2 objects:tree_mr1
6,3 grass:n1 grass:treels2 grass:treers1 objects:tree_br2
7,3 [2] grass:n3 grass:treers2
8,3 grass:n1 grass:treels1 objects:tree_bl2
9,3 grass:n1 grass:treers1 grass:treelds2 objects:tree_br2
10,3 grass:n1 grass:treerds2 objects:tree_ml1
11,3 grass:trees1 objects:tree_mr1
12,3 earth:tlrs
13,3 earth:dark grass:lj
14,3 grass:n1
15,3 grass:n1
16,3 earth:dark grass:rj
17,3 earth:trls
18,3 grass:dark earth:brls
19,3 grass:sarch
20,3 grass:dark earth:bl
21,3 grass:dark earth:br
22,3 [3] grass:rs
23,3 [3] grass:n1
24,3 [3] water:dark grass:tr2
25,3 water:w4
26,3 water:w3
27,3 water:w4 water:w2
28,3 water:w3
29,3 water:w4
30,3 [3] water:dark grass:tl2
31,3 [3] water:dark grass:t3

0,4 water:w2
1,4 water:w2
2,4 water:w2
3,4 water:dark grass:l1
4,4 grass:n1 grass:treels1 objects:tree_bl1
5,4 grass:n1 grass:treels2 grass:treers1 objects:tree_br1
6,4 [2] grass:n2 grass:treers2
7,4 [2] grass:n1
8,4 [2] grass:n1 grass:treels2
9,4 [2] grass:n2 grass:treers2
10,4 grass:n1 grass:treels1 objects:tree_bl2
11,4 grass:trees1 grass:treers1 objects:tree_br2
12,4 earth:lrs
13,4 earth:dark grass:l1
14,4 grass:n1
15,4 grass:n1
16,4 earth:dark grass:r2
17,4 earth:rls
18,4 [3] grass:ms
19,4 [3] grass:ms
20,4 [3] grass:ms
21,4 [3] grass:rs
22,4 [3] grass:n1 grass:n3
23,4 [3] grass:n1
24,4 [3] grass:n1
25,4 [3] water:dark grass:tr2
26,4 water:w4
27,4 water:w3
28,4 water:w3
29,4 [3] water:dark grass:tl1
30,4 [3] grass:n2
31,4 [3] grass:n6

0,5 water:w2
1,5 water:w2
2,5 water:w2
3,5 earth:tlrs
4,5 [2] earth:dark grass:lj grass:treels2
5,5 [2] grass:n1 grass:n5 grass:treers2
6,5 [2] grass:n1
7,5 [2] grass:n1
8,5 [2] grass:n1
9,5 [2] grass:n1
10,5 [2] grass:n4 grass:treels2
11,5 [2] grass:n1 grass:treers2
12,5 grass:dark earth:blrs
13,5 earth:tlrs
14,5 earth:dark grass:lj
15,5 grass:n1
16,5 earth:dark grass:r1
17,5 earth:ls
18,5 earth:tel objects:tree_tl1
19,5 earth:trs objects:tree_tr1
20,5 [3] earth:dark grass:lj
21,5 [3] grass:n1
22,5 [3] grass:n1
23,5 [3] grass:n1
24,5 [3] grass:n5
25,5 [3] grass:rb
26,5 [3] water:dark wood:hbr1
27,5 [3] water:dark wood:hbr2
28,5 [3] water:dark wood:hbr3
29,5 [3] grass:lb
30,5 [3] grass:n1
31,5 [3] grass:n1

0,6 water:w2
1,6 water:w2
2,6 water:w2
3,6 water:lrs
4,6 [2] water:dark grass:l3
5,6 [2] grass:n1
6,6 [2] grass:n1
7,6 [2] grass:n6
8,6 [2] grass:n1
9,6 [2] grass:n1
10,6 [2] grass:n1
11,6 [2] grass:n4
12,6 [2] grass:ls
13,6 earth:lrs
14,6 earth:tl
15,6 earth:t1
16,6 earth:tr
17,6 grass:dark earth:bls objects:tree_tl2
18,6 grass:dark earth:b1 objects:tree_ml1 objects:tree_tr2
19,6 grass:dark earth:brs objects:tree_mr1
20,6 earth:tlrs
21,6 [3] earth:dark grass:lj
22,6 [3] grass:n5
23,6 [3] grass:n1:3
24,6 [3] grass:n1
25,6 [3] water:dark grass:r2
26,6 water:w4 wood:lls_supp
27,6 water:w2 wood:supp
28,6 water:w2 wood:lrs_supp
29,6 [3] water:dark grass:l1
30,6 [3] grass:n1
31,6 [3] grass:n4

0,7 water:w2
1,7 water:w2
2,7 water:w2
3,7 water:w2
4,7 earth:tlrs
5,7 [2] earth:dark grass:lj
6,7 [2] grass:n1
7,7 [2] grass:n1
8,7 [2] grass:n4
9,7 [2] grass:n1
10,7 [2] grass:n1
11,7 [2] grass:n1
12,7 [2] grass:n1
13,7 grass:dark earth:blrs
14,7 earth:l
15,7 earth:n
16,7 earth:r
17,7 grass:ms objects:tree_ml2
18,7 grass:ms grass:treelds1 objects:tree_bl2 objects:tree_mr2
19,7 grass:ms grass:treerds1 objects:tree_br2 objects:tree_tl1
20,7 grass:dark earth:brs objects:tree_tr1
21,7 earth:tl
22,7 earth:al
23,7 [1] grass:vdark earth:ac:V2
24,7 earth:ar
25,7 earth:tr
26,7 water:w2 water:w4
27,7 water:w3
28,7 water:w3 water:w8
29,7 earth:tlrs
30,7 [3] earth:dark grass:lj
31,7 [3] grass:n1

0,8 water:w2
1,8 water:w2
2,8 water:w2
3,8 water:w2
4,8 water:lrs
5,8 earth:tl
6,8 grass:dark earth:mrs
7,8 [2] earth:dark grass:lj
8,8 [2] grass:n1
9,8 [2] grass:n1
10,8 [2] grass:n1
11,8 [2] grass:n6
12,8 [2] grass:n1
13,8 [2] earth:l grass:ls
14,8 earth:l
15,8 earth:n
16,8 earth:r
17,8 grass:n1 grass:treels1 objects:tree_bl2
18,8 grass:treers1 grass:treelds2 objects:tree_br2
19,8 grass:n1 grass:treerds2 objects:tree_ml1
20,8 grass:ls objects:tree_mr1
21,8 grass:dark earth:bl
22,8 grass:dark earth:br
23,8 [1] grass:sarch
24,8 grass:dark earth:bl
25,8 earth:r
26,8 water:w3
27,8 water:w2
28,8 water:w3 water:w6
29,8 earth:lrs
30,8 earth:tl
31,8 earth:t1

0,9 water:w2
1,9 water:w2
2,9 water:w2
3,9 water:w2
4,9 water:w2
5,9 water:lrs
6,9 [1] earth:dark grass:lls
7,9 [2] grass:light grass:l2
8,9 [2] grass:n3
9,9 [S2] grass:bb
10,9 [2] earth:dark grass:rj
11,9 grass:dark earth:mls
12,9 grass:dark earth:m2
13,9 grass:dark earth:mer
14,9 grass:dark earth:b1
15,9 grass:dark earth:b1
16,9 grass:dark earth:br
17,9 [1] grass:n3 grass:treels2
18,9 [1] grass:n6 grass:treers2
19,9 grass:n1 grass:treels1 objects:tree_bl1
20,9 grass:n1 grass:treers1 objects:tree_br1
21,9 [1] grass:ls
22,9 [1] grass:ms
23,9 [1] grass:ms
24,9 [1] water:dark earth:td grass:rrs
25,9 water:rls
26,9 water:w3
27,9 water:w2
28,9 water:w3 water:w6
29,9 water:lrs
30,9 earth:l
31,9 earth:n

0,10 water:w2
1,10 water:w2
2,10 water:w2
3,10 water:w2
4,10 water:w2
5,10 water:w2
6,10 [1] water:dark grass:l2
7,10 grass:dark earth:ml
8,10 grass:dark earth:mrs
9,10 [S1.5] earth:dark wood:st1
10,10 grass:dark earth:mrls
11,10 [1] grass:ms
12,10 [1] grass:ms
13,10 [1] grass:ms
14,10 [1] grass:ms
15,10 [1] grass:ms
16,10 [1] grass:rs
17,10 [1] grass:n1
18,10 [1] grass:n1
19,10 [1] grass:n1 grass:treels2
20,10 [1] grass:n2 grass:treers2
21,10 [1] grass:n1
22,10 [1] grass:n1
23,10 [1] grass:n1
24,10 [1] water:dark grass:r1
25,10 water:w8
26,10 water:w3
27,10 water:w3
28,10 water:w2
29,10 water:w2
30,10 water:l
31,10 water:n2

0,11 water:w2
1,11 water:w2
2,11 water:w2
3,11 water:w2
4,11 water:w2
5,11 water:w2
6,11 [1] water:dark grass:l1
7,11 [1] grass:ls
8,11 [1] grass:ms
9,11 [S1.5] grass:light wood:st2
10,11 [1] grass:rs
11,11 [1] grass:n5
12,11 [1] grass:n1
13,11 [1] grass:n4
14,11 [1] grass:n1
15,11 [1] grass:n1
16,11 [1] grass:n1
17,11 [1] grass:n1
18,11 [1] grass:n1
19,11 [1] grass:n1
20,11 [1] grass:n1
21,11 [1] grass:n1
22,11 [1] grass:n1 grass:n4
23,11 [1] earth:dark grass:rj
24,11 water:trls
25,11 water:w2
26,11 water:w3
27,11 water:w2
28,11 water:w3
29,11 water:w2
30,11 water:w2
31,11 water:w2

0,12 water:w2
1,12 water:w2
2,12 water:w2
3,12 water:w2
4,12 water:w2
5,12 water:w2
6,12 water:tlrs
7,12 [1] water:dark earth:td grass:lj
8,12 [1] grass:n1
9,12 [S1] grass:st1 grass:tb grass:st1 grass:st2
10,12 [1] grass:n1
11,12 [1] grass:n1
12,12 [1] grass:n1
13,12 [1] grass:n1
14,12 [1] grass:n6
15,12 [1] grass:n1
16,12 [1] grass:n1
17,12 [1] grass:n1
18,12 [1] grass:n2
19,12 [1] grass:n1
20,12 [1] grass:n1
21,12 [1] grass:n1
22,12 [1] grass:n1
23,12 [1] water:dark grass:r1
24,12 water:w9
25,12 water:w3
26,12 water:w2
27,12 water:w3
28,12 water:w2
29,12 water:w2
30,12 water:w2
31,12 water:w2

0,13 water:w2
1,13 water:w2
2,13 water:w2
3,13 water:w2
4,13 water:w2
5,13 water:w2
6,13 water:w2
7,13 water:tlrs
8,13 [1] water:dark earth:td grass:lj
9,13 [1] grass:n1
10,13 [1] grass:n1
11,13 [1] grass:n3
12,13 [1] earth:td grass:rj
13,13 water:tls
14,13 water:t2
15,13 water:t2
16,13 water:t1
17,13 water:trs
18,13 [1] water:dark earth:td grass:lj
19,13 [1] grass:n1
20,13 [1] grass:n1
21,13 [1] grass:n1 grass:n6
22,13 [1] earth:dark grass:rj
23,13 water:trls
24,13 water:w3
25,13 water:w7
26,13 water:w3
27,13 water:w2
28,13 water:w3
29,13 water:w2
30,13 water:w2
31,13 water:w2

0,14 water:w2
1,14 water:w2
2,14 water:w2
3,14 water:w2
4,14 water:w2
5,14 water:w2
6,14 water:w2
7,14 water:w2
8,14 water:tl
9,14 water:t5
10,14 water:t3
11,14 water:t2
12,14 water:tr
13,14 water:w2
14,14 water:w2
15,14 water:w4
16,14 water:w3
17,14 water:w8
18,14 water:tl
19,14 water:t4
20,14 water:t2
21,14 water:t5
22,14 water:tr
23,14 water:w2
24,14 water:w2
25,14 water:w2
26,14 water:w2
27,14 water:w3
28,14 water:w2
29,14 water:w2
30,14 water:w2
31,14 water:w2

0,15 water:w2
1,15 water:w2
2,15 water:w2
3,15 water:w2
4,15 water:w2
5,15 water:w2
6,15 water:w2
7,15 water:w2
8,15 water:w2
9,15 water:w2
10,15 water:w2
11,15 water:w2
12,15 water:w2
13,15 water:w2
14,15 water:w2
15,15 water:w4
16,15 water:w5
17,15 water:w5
18,15 water:w5
19,15 water:w7
20,15 water:w5
21,15 water:w3
22,15 water:w5
23,15 water:w2
24,15 water:w2
25,15 water:w2
26,15 water:w3
27,15 water:w2
28,15 water:w3
29,15 water:w2
30,15 water:w2
31,15 water:w2

sprite coin 2 7,4
sprite key 3 30,5
sprite baddie 3 24,3 24,6
sprite door 3 19,2

event tile 23,7 1 | transition caves 11,14 1 up
event tile 19,2 3 | transition caves 4,14 1 up
event boundary right 3-7 | boundary east right
