0,0 water:w1
1,0 water:w1
2,0 water:w1
3,0 water:w1
4,0 water:w1
5,0 water:w1
6,0 water:w1
7,0 water:w1
8,0 water:w1
9,0 water:w1
10,0 water:w1
11,0 water:w1
12,0 water:w1
13,0 water:w1
14,0 water:w1
15,0 water:w1

0,1 water:w1
1,1 water:w3
2,1 water:w1
3,1 water:w3
4,1 water:w2
5,1 water:w1
6,1 water:w1
7,1 water:w1
8,1 water:w1
9,1 water:w1
10,1 water:w1
11,1 water:w1
12,1 water:w1
13,1 water:w1
14,1 water:w1
15,1 water:w1

0,2 water:w1
1,2 water:w2
2,2 water:w1
3,2 water:w1
4,2 water:w2
5,2 water:w3
6,2 water:w1
7,2 water:w1
8,2 water:w1
9,2 water:w1
10,2 water:w1
11,2 water:w1
12,2 water:w1
13,2 water:w2
14,2 water:w1
15,2 water:w1

0,3 water:w1
1,3 water:w1
2,3 water:w1
3,3 water:w1
4,3 [2] water:dark grass:tl1
5,3 [2] water:dark grass:t1
6,3 [2] water:dark grass:t3
7,3 [2] water:dark grass:t3
8,3 [2] water:dark grass:tr1
9,3 water:w2
10,3 water:w1
11,3 water:w3
12,3 water:w1
13,3 water:w1
14,3 water:w1
15,3 water:w1

0,4 water:w1
1,4 water:w1
2,4 water:w1
3,4 [2] water:dark grass:tl1
4,4 [2] grass:n1 objects:tree_tl2:V4
5,4 [2] grass:n1 objects:tree_tr2:V4
6,4 [2] grass:n1
7,4 [2] grass:n6
8,4 [2] grass:n1
9,4 [2] water:dark grass:t3
10,4 [2] water:dark grass:t1
11,4 [2] water:dark grass:tr2
12,4 water:w1
13,4 water:w1
14,4 water:w1
15,4 water:w1

0,5 water:w1
1,5 water:w1
2,5 water:w1
3,5 [2] water:dark grass:l3
4,5 [2] grass:n1 objects:tree_ml2:V3
5,5 [2] grass:n5 objects:tree_mr2:V3
6,5 [2] grass:n1
7,5 [4,2] grass:n1 grass:tl1:4
8,5 [4,2] grass:n1 grass:t2:4
9,5 [4,2] grass:n1 grass:tr2:4
10,5 [2] grass:n1
11,5 [2] water:dark grass:r3
12,5 water:w1
13,5 [4] water:dark grass:tl2
14,5 [4] water:dark grass:t1
15,5 [4] water:dark grass:t3

0,6 water:w1
1,6 water:w1
2,6 [2] water:dark grass:tl2
3,6 [2] grass:n1
4,6 grass:n3 grass:treels1 objects:tree_bl2
5,6 grass:n1 grass:treers1 objects:tree_br2
6,6 [2] grass:n1
7,6 [4] grass:n1 grass:l3
8,6 [4] grass:n6
9,6 [4] grass:rb
10,6 [4,2] grass:n1 wood:hbr3:4
11,6 [4,2] grass:n1 wood:hbr2:4
12,6 [4] water:dark wood:hbr3
13,6 [4] grass:lb
14,6 [4] grass:n1
15,6 [4] grass:n1

0,7 water:w1
1,7 water:w1
2,7 [2] water:dark grass:l2
3,7 [2] grass:n1
4,7 [2] grass:n1 grass:treels2
5,7 [2] grass:n1 grass:treers2
6,7 [4,2] grass:n1 grass:tl2:4
7,7 [4] grass:n2
8,7 [4] grass:n1
9,7 [4] grass:n1 grass:r2
10,7 [2] grass:n1 wood:lls_supp:V3
11,7 [2] water:dark grass:r2 wood:supp:V3
12,7 water:w1 wood:lrs_supp
13,7 [4] water:dark grass:l3
14,7 [4] grass:n1
15,7 [4] grass:n2

0,8 [4] water:dark grass:t3
1,8 water:dark grass:t2
2,8 [4,2] grass:n1 grass:t2:4
3,8 [4,2] grass:n1 grass:tr1:4
4,8 [2] grass:n1
5,8 [2] grass:n1
6,8 [4] grass:n1 grass:l1
7,8 [4] grass:n1 objects:tree_tl1:V6
8,8 [4] grass:n1 objects:tree_tr1:V6
9,8 [4] grass:n1 grass:r1
10,8 [2] grass:n1
11,8 [2] water:dark grass:r2
12,8 grass:n1 water:w1
13,8 earth:tlrs
14,8 [4] earth:dark grass:lj
15,8 [4] grass:n1

0,9 [4] grass:n1
1,9 grass:n1
2,9 [4] grass:n1
3,9 [4] grass:rb
4,9 [2,4] grass:n1 wood:hbr1:4
5,9 [2,4] grass:n1 wood:hbr2:4
6,9 [4] grass:lb
7,9 [4] grass:n1 objects:tree_ml1:V5
8,9 [4] grass:n1 objects:tree_mr1:V5 objects:tree_tl2:V6
9,9 [4] grass:n1 objects:tree_tr2:V6
10,9 [4,2] grass:n1 grass:tr1:4
11,9 [2] grass:n1
12,9 [2] water:dark grass:t2
13,9 grass:dark earth:blrs
14,9 earth:tl
15,9 earth:t1

0,10 [4] grass:n2
1,10 grass:n1
2,10 [4] grass:n1
3,10 [4] grass:n1 grass:r2
4,10 [2] grass:n1 wood:lls_supp:V3
5,10 [2] grass:n1 wood:lrs_supp:V3
6,10 [4] grass:n1 grass:l3
7,10 grass:n1 grass:treels1 objects:tree_bl2
8,10 grass:n4 grass:treers1 objects:tree_br1 objects:tree_ml2
9,10 [4] grass:n1 objects:tree_mr2:V5
10,10 [4] grass:n1 grass:r2
11,10 [2] grass:n1
12,10 [2] grass:n1
13,10 [2] grass:ls
14,10 grass:dark earth:bl
15,10 grass:dark earth:b1

0,11 earth:t1
1,11 earth:t2
2,11 earth:t3
3,11 earth:tr
4,11 [2] grass:n1
5,11 [2] grass:n2
6,11 [4] grass:n1 grass:l3
7,11 [4] grass:n6 grass:treels2
8,11 grass:n1 grass:treels1 grass:treers2 objects:tree_bl1
9,11 grass:n1 grass:treers1 objects:tree_br2
10,11 [4] grass:n5
11,11 [4,2] grass:n1 grass:tr2:4
12,11 [2] grass:n1
13,11 [2] grass:n1
14,11 [2] grass:ls
15,11 [2] grass:ms

0,12 earth:n
1,12 earth:n
2,12 grass:dark earth:b1
3,12 grass:dark earth:br
4,12 [2] grass:n1
5,12 [2] grass:n1
6,12 [4] grass:n1 grass:l1
7,12 [4] grass:n1
8,12 [4] grass:n1 grass:treels2
9,12 [4] grass:n2 grass:treers2
10,12 [4] grass:n1
11,12 [4] earth:dark grass:r1
12,12 earth:tls
13,12 earth:trs
14,12 [2] earth:dark grass:lj
15,12 [2] grass:n1

0,13 earth:n
1,13 earth:rs
2,13 [2] earth:dark grass:lls
3,13 [2] grass:rs
4,13 [2] grass:n1
5,13 [2] grass:n1
6,13 earth:tl
7,13 earth:trs
8,13 [4] earth:dark grass:lj
9,13 [4] grass:n1
10,13 [4] grass:n4
11,13 [4] earth:dark grass:r3
12,13 water:ls
13,13 water:rs
14,13 earth:tl
15,13 earth:t1

0,14 water:n2
1,14 water:rs
2,14 [2] earth:dark water:bw grass:l2
3,14 [2] grass:n1
4,14 [S2] grass:bb
5,14 [2] grass:n1
6,14 earth:l
7,14 earth:rs
8,14 [4] earth:dark grass:l2
9,14 [4] grass:bb
10,14 [4] grass:n6
11,14 [4] water:dark grass:r2
12,14 water:w1
13,14 water:w1
14,14 water:l
15,14 water:n2

0,15 water:w2
1,15 water:w2
2,15 grass:dark earth:ml
3,15 grass:dark earth:mrs
4,15 [S1.5] earth:dark wood:st1
5,15 grass:dark earth:merls
6,15 earth:n
7,15 earth:rs
8,15 earth:tl
9,15 [4] wood:v_br1
10,15 earth:t1
11,15 earth:tr
12,15 water:w1 water:w9
13,15 water:w1
14,15 water:w1
15,15 water:w1

0,16 water:w2
1,16 water:w2
2,16 [1] water:dark grass:lls
3,16 [1] grass:ms
4,16 [S1.5] grass:light wood:st2
5,16 [1] earth:dark water:bw grass:rrs
6,16 water:ls
7,16 water:rs
8,16 earth:l
9,16 [4] wood:v_br2
10,16 earth:n
11,16 earth:r
12,16 water:w2
13,16 water:w2
14,16 water:dark grass:tl1
15,16 water:dark grass:t3

0,17 water:w2
1,17 water:w1
2,17 [1] water:dark grass:l3
3,17 [1] grass:bb
4,17 [S1] grass:st2
5,17 [1] water:dark grass:r2
6,17 water:w2
7,17 water:w2
8,17 earth:l
9,17 [4] wood:v_br2
10,17 earth:n
11,17 earth:r
12,17 water:w2
13,17 water:dark grass:tl2
14,17 grass:n6
15,17 grass:n1

0,18 water:w2
1,18 water:w2 water:w7
2,18 water:tl
3,18 [1] wood:v_br1
4,18 water:t3
5,18 water:tr
6,18 water:w2
7,18 water:dark grass:tl2
8,18 [4] earth:light grass:t1
9,18 [4] water:dark grass:tb
10,18 [4] earth:light grass:t3
11,18 [4] earth:light grass:t3
12,18 [4] water:dark grass:t3
13,18 grass:n1 grass:l1
14,18 grass:n1
15,18 grass:n2

0,19 water:w2
1,19 water:w2
2,19 water:w2
3,19 [1] wood:v_br2
4,19 water:w1
5,19 water:w2
6,19 water:w2
7,19 [4] water:dark grass:l2
8,19 [4] grass:n1
9,19 [4] grass:n1
10,19 [4] grass:n1
11,19 [4] grass:n1
12,19 [4] grass:n1
13,19 grass:n1 grass:l1
14,19 grass:n1
15,19 grass:n1

0,20 water:w2
1,20 water:w2
2,20 water:w2
3,20 [1] wood:v_br2
4,20 water:w2
5,20 [3] water:dark grass:tl1
6,20 [3] water:dark grass:t3
7,20 [4] grass:n1 grass:l2
8,20 [S4] grass:bb
9,20 [4] grass:n5
10,20 [4] grass:n1
11,20 [4] grass:n1
12,20 [4] grass:n2
13,20 grass:n1 grass:l1
14,20 grass:n1
15,20 grass:n5

0,21 water:w2
1,21 water:w2
2,21 [1] water:dark grass:tl2
3,21 [1] grass:tb
4,21 [1] water:dark grass:t3
5,21 [3] grass:n1 grass:l1
6,21 [3] grass:n3
7,21 grass:dark earth:mlrs
8,21 [S3.5] earth:dark wood:st1
9,21 grass:dark earth:ms
10,21 [4] earth:dark grass:lj
11,21 grass:n6
12,21 [4] grass:n1
13,21 earth:tlrs
14,21 earth:dark grass:lj
15,21 grass:n1

0,22 water:w2
1,22 water:w2
2,22 [1] water:dark grass:l2
3,22 [1] grass:n5
4,22 [1] grass:n1
5,22 [3] grass:n1 grass:l2
6,22 [3] grass:n1
7,22 [3] grass:ls
8,22 [S3.5] grass:light wood:st3
9,22 [3] grass:ms
10,22 [4] grass:n1 grass:l1
11,22 [4] grass:n1
12,22 [4] grass:n1
13,22 grass:dark earth:blrs
14,22 earth:tl
15,22 earth:t1

0,23 water:w2
1,23 water:w2
2,23 [1] water:dark grass:l2
3,23 [1] grass:n1
4,23 [1] grass:n1
5,23 [3] grass:n1 grass:l2
6,23 [3] grass:bb
7,23 [3] grass:n1:3
8,23 [S3] grass:st2
9,23 [3] grass:n4
10,23 [4] grass:n1 grass:l2
11,23 grass:n1
12,23 [4] grass:n3
13,23 [4] grass:ls
14,23 grass:dark earth:bl
15,23 grass:dark earth:b1

0,24 water:w2
1,24 water:w2
2,24 water:tl
3,24 [1] earth:dark water:bw grass:lj
4,24 [1] grass:n4
5,24 earth:tter
6,24 [D3-2] earth:aldrop
7,24 [1] grass:vdark earth:acel:V2
8,24 earth:ar
9,24 earth:trs
10,24 [4] earth:dark grass:l1
11,24 [4] grass:n1
12,24 grass:n1
13,24 [4] grass:n1
14,24 [4] grass:ls
15,24 [4] grass:ms

0,25 water:w2
1,25 water:w2
2,25 water:w1
3,25 water:tl
4,25 [1] earth:dark water:bw grass:lj
5,25 grass:dark earth:bl
6,25 grass:dark earth:br
7,25 [1] water:w2 grass:sarch
8,25 grass:dark earth:bl
9,25 earth:rs
10,25 earth:tlrs
11,25 [4] earth:dark grass:lj
12,25 [4] grass:n1
13,25 [4] grass:n1:4
14,25 [4] grass:n1
15,25 [4] grass:n1

0,26 water:w2
1,26 water:w2
2,26 water:w1 water:w8
3,26 water:w2
4,26 [1] water:dark grass:l2
5,26 [1] grass:ls
6,26 [1] grass:ms
7,26 [1] grass:ms
8,26 [1] earth:dark water:bw grass:rrs
9,26 water:s
10,26 earth:lrs
11,26 earth:tl
12,26 earth:al
13,26 [2] grass:vdark earth:ac:V3
14,26 earth:ar
15,26 earth:t1

0,27 water:w2
1,27 water:w2
2,27 water:w2
3,27 water:w2
4,27 water:tl
5,27 water:t1
6,27 [1] water:t2
7,27 water:t1
8,27 water:tr
9,27 water:w2 water:w7
10,27 earth:lrs
11,27 earth:l
12,27 grass:dark earth:br
13,27 [2] grass:sarch
14,27 grass:dark grass:dark earth:bl
15,27 grass:dark grass:dark earth:b1

0,28 water:w2
1,28 water:w2
2,28 water:w2
3,28 water:w2
4,28 water:w2
5,28 water:w2
6,28 water:w2
7,28 water:w2
8,28 water:w2
9,28 water:w2
10,28 water:lrs
11,28 earth:lrs
12,28 [2] earth:dark grass:lls
13,28 [2] grass:ms
14,28 [2] grass:ms
15,28 [2] grass:ms

0,29 water:w2
1,29 water:w2
2,29 water:w2
3,29 water:w1
4,29 water:w2
5,29 water:w2
6,29 water:w2
7,29 water:w2
8,29 water:w2
9,29 water:w2
10,29 water:w2
11,29 water:lrs
12,29 earth:tl
13,29 earth:t1
14,29 earth:t1
15,29 earth:t1

0,30 water:w2
1,30 water:w2
2,30 water:w2
3,30 water:w2
4,30 water:w2
5,30 water:w2
6,30 water:w2
7,30 water:w2
8,30 water:w2
9,30 water:w2
10,30 water:w2
11,30 water:w2
12,30 water:l
13,30 water:n2
14,30 water:n1
15,30 water:n1

0,31 water:w2
1,31 water:w2
2,31 water:w2
3,31 water:w2
4,31 water:w2
5,31 water:w2
6,31 water:w2
7,31 water:w2
8,31 water:w2
9,31 water:w2
10,31 water:w2
11,31 water:w2
12,31 water:w2
13,31 water:w2
14,31 water:w2
15,31 water:w2

sprite boat 0 -3,27 5,27
sprite rock 4 11,21
sprite rock 4 11,23
sprite rock 4 12,24
sprite beetle 4 12,22 10,22 10,24 11,24 11,25 13,25 13,23 12,23
sprite beetle 4 13,25 13,23 12,23 12,22 10,22 10,24 11,24 11,25
sprite beetle 4 10,22 10,20 12,20 12,22
sprite beetle 2 4,12 4,7 3,7 3,5 6,5 6,7 5,7 5,12
sprite wasp 2 11,4
sprite rock 4 1,8
sprite rock 4 1,9
sprite rock 4 1,10
sprite coin 4 2,9
sprite coin 4 8,19
